Compile a local package and all of its dependencies

Usage: cargo-mimic[EXE] build [OPTIONS]

Options:
  -q, --quiet                   Do not print cargo log messages
  -j, --jobs <N>                Number of parallel jobs, defaults to # of CPUs
      --keep-going              Do not abort the build as soon as there is an error (unstable)
      --profile <PROFILE-NAME>  Build artifacts with the specified Cargo profile
  -F, --features <FEATURES>     Space or comma separated list of features to activate
      --all-features            Activate all available features
      --no-default-features     Do not activate the `default` feature
      --target <TRIPLE>         Build for the target triple [env: CARGO_BUILD_TARGET=]
      --target-dir <DIRECTORY>  Directory for all generated artifacts
      --message-format <FMT>    Error format
  -v, --verbose...              Use verbose output (-vv very verbose/build.rs output)
      --color <WHEN>            Coloring: auto, always, never
      --frozen                  Require Cargo.lock and cache are up to date
      --locked                  Require Cargo.lock is up to date
      --offline                 Run without accessing the network
      --config <KEY=VALUE>      Override a configuration value (unstable)
  -Z <FLAG>                     Unstable (nightly-only) flags to Cargo, see 'cargo -Z help' for
                                details
      --timings[=<FMTS>...]     Timing output formats (unstable) (comma separated): html, json
      --manifest-path <PATH>    Path to Cargo.toml
  -r, --release                 Build artifacts in release mode, with optimizations
      --ignore-rust-version     Ignore `rust-version` specification in packages
      --unit-graph              Output build graph in JSON (unstable)
  -p, --package [<SPEC>]        Package to build (see `cargo help pkgid`)
      --workspace               Build all packages in the workspace
      --exclude <SPEC>          Exclude packages from the build
      --all                     Alias for workspace (deprecated)
      --lib                     Build only this package's library
      --bin [<NAME>]            Build only the specified binary
      --bins                    Build all binaries
      --example [<NAME>]        Build only the specified example
      --examples                Build all examples
      --test <NAME>             Build only the specified test target
      --tests                   Build all tests
      --bench <NAME>            Build only the specified bench target
      --benches                 Build all benches
      --all-targets             Build all targets
      --out-dir <PATH>          Copy final artifacts to this directory (unstable)
      --build-plan              Output the build plan in JSON (unstable)
      --future-incompat-report  Outputs a future incompatibility report at the end of the build
                                (unstable)
  -h, --help                    Print help

Run `cargo help build` for more detailed information.
